  DiaperScout.Domain -> /Users/sporter/Documents/Projects/DS/src/DiaperScout.Domain/bin/Debug/net10.0/DiaperScout.Domain.dll
  DiaperScout.Application -> /Users/sporter/Documents/Projects/DS/src/DiaperScout.Application/bin/Debug/net10.0/DiaperScout.Application.dll
  DiaperScout.Web -> /Users/sporter/Documents/Projects/DS/src/DiaperScout.Web/bin/Debug/net10.0/DiaperScout.Web.dll
  DiaperScout.Commerce.Plugins.Awin -> /Users/sporter/Documents/Projects/DS/src/DiaperScout.Commerce.Plugins.Awin/bin/Debug/net10.0/DiaperScout.Commerce.Plugins.Awin.dll
  DiaperScout.Infrastructure -> /Users/sporter/Documents/Projects/DS/src/DiaperScout.Infrastructure/bin/Debug/net10.0/DiaperScout.Infrastructure.dll
  DiaperScout.Api -> /Users/sporter/Documents/Projects/DS/src/DiaperScout.Api/bin/Debug/net10.0/DiaperScout.Api.dll
  DiaperScout.Api.IntegrationTests -> /Users/sporter/Documents/Projects/DS/tests/DiaperScout.Api.IntegrationTests/bin/Debug/net10.0/DiaperScout.Api.IntegrationTests.dll
Test run for /Users/sporter/Documents/Projects/DS/tests/DiaperScout.Api.IntegrationTests/bin/Debug/net10.0/DiaperScout.Api.IntegrationTests.dll (.NETCoreApp,Version=v10.0)
A total of 1 test files matched the specified pattern.
[xUnit.net 00:00:12.71]     DiaperScout.Api.IntegrationTests.PwaReliabilityTests.Static_standalone_brand_is_visible_before_external_scripts_or_styles(engine: "webkit", withoutStyles: False) [FAIL]
  Failed DiaperScout.Api.IntegrationTests.PwaReliabilityTests.Static_standalone_brand_is_visible_before_external_scripts_or_styles(engine: "webkit", withoutStyles: False) [8 s]
  Error Message:
   Microsoft.Playwright.PlaywrightException : Locator expected to be visible 
Call log:
  - Expect "ToBeVisibleAsync" Locator("#pwa-startup") with timeout 5000ms
  - waiting for Locator("#pwa-startup")
    14 × locator resolved to <div id="pwa-startup" data-permanent="" class="pwa-startup">…</div>
       - unexpected value "hidden"
Aria snapshot:
- banner:
  - link "DiaperScout home":
    - /url: /
    - img "DiaperScout"
  - link "Sign in":
    - /url: /signin
- link "Skip to content":
  - /url: "#main-content"
- main:
  - paragraph: Your explorer’s guide
  - heading "A little curiosity. A better discovery." [level=1]
  - paragraph: Find absorbent products, explore the options, and discover verified places to buy.
  - text: Search products and brands
  - searchbox "Search products and brands"
  - button "Search the catalogue": →
  - text: Find your next option.
  - paragraph: Choose your next step
  - heading "Let’s explore." [level=2]
  - link "Find a product Browse products and variants, then choose your size and pack.":
    - /url: /products
    - heading "Find a product" [level=3]
    - paragraph: Browse products and variants, then choose your size and pack.
  - link "A guide to the guide How to explore the catalogue and find the right place to buy.":
    - /url: /about
    - heading "A guide to the guide" [level=3]
    - paragraph: How to explore the catalogue and find the right place to buy.
  - paragraph: One product. Your size. The exact pack. Retailer links follow the option you choose.
- navigation "App navigation":
  - link "Explore":
    - /url: /
  - link "Products":
    - /url: /products
  - link "Scan a barcode":
    - /url: /scan
    - text: Scan
  - link "Atlas":
    - /url: /atlas
  - link "Backpack":
    - /url: /backpack
  Stack Trace:
     at Microsoft.Playwright.Core.AssertionsBase.ExpectImplAsync(String expression, FrameExpectOptions expectOptions, Object expected, String message, String title) in /_/src/Playwright/Core/AssertionsBase.cs:line 95
   at Microsoft.Playwright.Core.AssertionsBase.ExpectImplAsync(String expression, ExpectedTextValue[] expectedText, Object expected, String message, String title, FrameExpectOptions options) in /_/src/Playwright/Core/AssertionsBase.cs:line 69
   at DiaperScout.Api.IntegrationTests.PwaReliabilityTests.Static_standalone_brand_is_visible_before_external_scripts_or_styles(String engine, Boolean withoutStyles) in /Users/sporter/Documents/Projects/DS/tests/DiaperScout.Api.IntegrationTests/PwaReliabilityTests.cs:line 41
   at DiaperScout.Api.IntegrationTests.PwaReliabilityTests.Static_standalone_brand_is_visible_before_external_scripts_or_styles(String engine, Boolean withoutStyles) in /Users/sporter/Documents/Projects/DS/tests/DiaperScout.Api.IntegrationTests/PwaReliabilityTests.cs:line 48
--- End of stack trace from previous location ---
[xUnit.net 00:00:18.73]     DiaperScout.Api.IntegrationTests.PwaReliabilityTests.Static_standalone_brand_is_visible_before_external_scripts_or_styles(engine: "chromium", withoutStyles: False) [FAIL]
  Failed DiaperScout.Api.IntegrationTests.PwaReliabilityTests.Static_standalone_brand_is_visible_before_external_scripts_or_styles(engine: "chromium", withoutStyles: False) [6 s]
  Error Message:
   Microsoft.Playwright.PlaywrightException : Locator expected to be visible 
Call log:
  - Expect "ToBeVisibleAsync" Locator("#pwa-startup") with timeout 5000ms
  - waiting for Locator("#pwa-startup")
    14 × locator resolved to <div id="pwa-startup" data-permanent="" class="pwa-startup">…</div>
       - unexpected value "hidden"
Aria snapshot:
- banner:
  - link "DiaperScout home":
    - /url: /
    - img "DiaperScout"
  - link "Sign in":
    - /url: /signin
- link "Skip to content":
  - /url: "#main-content"
- main:
  - paragraph: Your explorer’s guide
  - heading "A little curiosity. A better discovery." [level=1]
  - paragraph: Find absorbent products, explore the options, and discover verified places to buy.
  - text: Search products and brands
  - searchbox "Search products and brands"
  - button "Search the catalogue": →
  - text: Find your next option.
  - paragraph: Choose your next step
  - heading "Let’s explore." [level=2]
  - link "Find a product Browse products and variants, then choose your size and pack.":
    - /url: /products
    - heading "Find a product" [level=3]
    - paragraph: Browse products and variants, then choose your size and pack.
  - link "A guide to the guide How to explore the catalogue and find the right place to buy.":
    - /url: /about
    - heading "A guide to the guide" [level=3]
    - paragraph: How to explore the catalogue and find the right place to buy.
  - paragraph: One product. Your size. The exact pack. Retailer links follow the option you choose.
- navigation "App navigation":
  - link "Explore":
    - /url: /
  - link "Products":
    - /url: /products
  - link "Scan a barcode":
    - /url: /scan
    - text: Scan
  - link "Atlas":
    - /url: /atlas
  - link "Backpack":
    - /url: /backpack
  Stack Trace:
     at Microsoft.Playwright.Core.AssertionsBase.ExpectImplAsync(String expression, FrameExpectOptions expectOptions, Object expected, String message, String title) in /_/src/Playwright/Core/AssertionsBase.cs:line 95
   at Microsoft.Playwright.Core.AssertionsBase.ExpectImplAsync(String expression, ExpectedTextValue[] expectedText, Object expected, String message, String title, FrameExpectOptions options) in /_/src/Playwright/Core/AssertionsBase.cs:line 69
   at DiaperScout.Api.IntegrationTests.PwaReliabilityTests.Static_standalone_brand_is_visible_before_external_scripts_or_styles(String engine, Boolean withoutStyles) in /Users/sporter/Documents/Projects/DS/tests/DiaperScout.Api.IntegrationTests/PwaReliabilityTests.cs:line 41
   at DiaperScout.Api.IntegrationTests.PwaReliabilityTests.Static_standalone_brand_is_visible_before_external_scripts_or_styles(String engine, Boolean withoutStyles) in /Users/sporter/Documents/Projects/DS/tests/DiaperScout.Api.IntegrationTests/PwaReliabilityTests.cs:line 48
--- End of stack trace from previous location ---
[xUnit.net 00:00:19.41]     DiaperScout.Api.IntegrationTests.PwaReliabilityTests.Static_standalone_brand_is_visible_before_external_scripts_or_styles(engine: "chromium", withoutStyles: True) [FAIL]
  Failed DiaperScout.Api.IntegrationTests.PwaReliabilityTests.Static_standalone_brand_is_visible_before_external_scripts_or_styles(engine: "chromium", withoutStyles: True) [680 ms]
  Error Message:
   Assert.Equal() Failure: Strings differ
              ↓ (pos 3)
Expected: "rgb(250, 245, 236)"
Actual:   "rgba(0, 0, 0, 0)"
              ↑ (pos 3)
  Stack Trace:
     at DiaperScout.Api.IntegrationTests.PwaReliabilityTests.Static_standalone_brand_is_visible_before_external_scripts_or_styles(String engine, Boolean withoutStyles) in /Users/sporter/Documents/Projects/DS/tests/DiaperScout.Api.IntegrationTests/PwaReliabilityTests.cs:line 43
   at DiaperScout.Api.IntegrationTests.PwaReliabilityTests.Static_standalone_brand_is_visible_before_external_scripts_or_styles(String engine, Boolean withoutStyles) in /Users/sporter/Documents/Projects/DS/tests/DiaperScout.Api.IntegrationTests/PwaReliabilityTests.cs:line 48
--- End of stack trace from previous location ---
[xUnit.net 00:00:20.80]     DiaperScout.Api.IntegrationTests.PwaReliabilityTests.Static_standalone_brand_is_visible_before_external_scripts_or_styles(engine: "webkit", withoutStyles: True) [FAIL]
  Failed DiaperScout.Api.IntegrationTests.PwaReliabilityTests.Static_standalone_brand_is_visible_before_external_scripts_or_styles(engine: "webkit", withoutStyles: True) [1 s]
  Error Message:
   Assert.Equal() Failure: Strings differ
              ↓ (pos 3)
Expected: "rgb(250, 245, 236)"
Actual:   "rgba(0, 0, 0, 0)"
              ↑ (pos 3)
  Stack Trace:
     at DiaperScout.Api.IntegrationTests.PwaReliabilityTests.Static_standalone_brand_is_visible_before_external_scripts_or_styles(String engine, Boolean withoutStyles) in /Users/sporter/Documents/Projects/DS/tests/DiaperScout.Api.IntegrationTests/PwaReliabilityTests.cs:line 43
   at DiaperScout.Api.IntegrationTests.PwaReliabilityTests.Static_standalone_brand_is_visible_before_external_scripts_or_styles(String engine, Boolean withoutStyles) in /Users/sporter/Documents/Projects/DS/tests/DiaperScout.Api.IntegrationTests/PwaReliabilityTests.cs:line 48
--- End of stack trace from previous location ---

Failed!  - Failed:     4, Passed:     0, Skipped:     0, Total:     4, Duration: 16 s - DiaperScout.Api.IntegrationTests.dll (net10.0)
