  DiaperScout.Domain -> /Users/sporter/Documents/Projects/DS/src/DiaperScout.Domain/bin/Debug/net10.0/DiaperScout.Domain.dll
  DiaperScout.Application -> /Users/sporter/Documents/Projects/DS/src/DiaperScout.Application/bin/Debug/net10.0/DiaperScout.Application.dll
  DiaperScout.Web -> /Users/sporter/Documents/Projects/DS/src/DiaperScout.Web/bin/Debug/net10.0/DiaperScout.Web.dll
  DiaperScout.Commerce.Plugins.Awin -> /Users/sporter/Documents/Projects/DS/src/DiaperScout.Commerce.Plugins.Awin/bin/Debug/net10.0/DiaperScout.Commerce.Plugins.Awin.dll
  DiaperScout.Infrastructure -> /Users/sporter/Documents/Projects/DS/src/DiaperScout.Infrastructure/bin/Debug/net10.0/DiaperScout.Infrastructure.dll
  DiaperScout.Api -> /Users/sporter/Documents/Projects/DS/src/DiaperScout.Api/bin/Debug/net10.0/DiaperScout.Api.dll
  DiaperScout.Api.IntegrationTests -> /Users/sporter/Documents/Projects/DS/tests/DiaperScout.Api.IntegrationTests/bin/Debug/net10.0/DiaperScout.Api.IntegrationTests.dll
Test run for /Users/sporter/Documents/Projects/DS/tests/DiaperScout.Api.IntegrationTests/bin/Debug/net10.0/DiaperScout.Api.IntegrationTests.dll (.NETCoreApp,Version=v10.0)
A total of 1 test files matched the specified pattern.
[xUnit.net 00:00:18.34]     DiaperScout.Api.IntegrationTests.PwaReliabilityTests.Initial_branded_document_streams_while_api_is_still_pending(path: "/atlas") [FAIL]
  Failed DiaperScout.Api.IntegrationTests.PwaReliabilityTests.Initial_branded_document_streams_while_api_is_still_pending(path: "/atlas") [13 s]
  Error Message:
   System.TimeoutException : The operation has timed out.
  Stack Trace:
     at DiaperScout.Api.IntegrationTests.PwaReliabilityTests.Initial_branded_document_streams_while_api_is_still_pending(String path) in /Users/sporter/Documents/Projects/DS/tests/DiaperScout.Api.IntegrationTests/PwaReliabilityTests.cs:line 75
   at DiaperScout.Api.IntegrationTests.PwaReliabilityTests.Initial_branded_document_streams_while_api_is_still_pending(String path) in /Users/sporter/Documents/Projects/DS/tests/DiaperScout.Api.IntegrationTests/PwaReliabilityTests.cs:line 84
--- End of stack trace from previous location ---
[xUnit.net 00:00:21.73]     DiaperScout.Api.IntegrationTests.PwaReliabilityTests.Static_standalone_brand_is_visible_before_external_scripts_or_styles(engine: "webkit") [FAIL]
  Failed DiaperScout.Api.IntegrationTests.PwaReliabilityTests.Static_standalone_brand_is_visible_before_external_scripts_or_styles(engine: "webkit") [1 s]
  Error Message:
   Assert.Equal() Failure: Strings differ
              ↓ (pos 3)
Expected: "rgb(250, 245, 236)"
Actual:   "rgba(0, 0, 0, 0)"
              ↑ (pos 3)
  Stack Trace:
     at DiaperScout.Api.IntegrationTests.PwaReliabilityTests.Static_standalone_brand_is_visible_before_external_scripts_or_styles(String engine) in /Users/sporter/Documents/Projects/DS/tests/DiaperScout.Api.IntegrationTests/PwaReliabilityTests.cs:line 41
   at DiaperScout.Api.IntegrationTests.PwaReliabilityTests.Static_standalone_brand_is_visible_before_external_scripts_or_styles(String engine) in /Users/sporter/Documents/Projects/DS/tests/DiaperScout.Api.IntegrationTests/PwaReliabilityTests.cs:line 46
--- End of stack trace from previous location ---
[xUnit.net 00:00:22.75]     DiaperScout.Api.IntegrationTests.PwaReliabilityTests.Static_standalone_brand_is_visible_before_external_scripts_or_styles(engine: "chromium") [FAIL]
  Failed DiaperScout.Api.IntegrationTests.PwaReliabilityTests.Static_standalone_brand_is_visible_before_external_scripts_or_styles(engine: "chromium") [1 s]
  Error Message:
   Assert.Equal() Failure: Strings differ
              ↓ (pos 3)
Expected: "rgb(250, 245, 236)"
Actual:   "rgba(0, 0, 0, 0)"
              ↑ (pos 3)
  Stack Trace:
     at DiaperScout.Api.IntegrationTests.PwaReliabilityTests.Static_standalone_brand_is_visible_before_external_scripts_or_styles(String engine) in /Users/sporter/Documents/Projects/DS/tests/DiaperScout.Api.IntegrationTests/PwaReliabilityTests.cs:line 41
   at DiaperScout.Api.IntegrationTests.PwaReliabilityTests.Static_standalone_brand_is_visible_before_external_scripts_or_styles(String engine) in /Users/sporter/Documents/Projects/DS/tests/DiaperScout.Api.IntegrationTests/PwaReliabilityTests.cs:line 46
--- End of stack trace from previous location ---

Failed!  - Failed:     3, Passed:     1, Skipped:     0, Total:     4, Duration: 18 s - DiaperScout.Api.IntegrationTests.dll (net10.0)
