  DiaperScout.Domain -> /Users/sporter/Documents/Projects/DS/src/DiaperScout.Domain/bin/Debug/net10.0/DiaperScout.Domain.dll
  DiaperScout.Application -> /Users/sporter/Documents/Projects/DS/src/DiaperScout.Application/bin/Debug/net10.0/DiaperScout.Application.dll
  DiaperScout.Web -> /Users/sporter/Documents/Projects/DS/src/DiaperScout.Web/bin/Debug/net10.0/DiaperScout.Web.dll
  DiaperScout.Commerce.Plugins.Awin -> /Users/sporter/Documents/Projects/DS/src/DiaperScout.Commerce.Plugins.Awin/bin/Debug/net10.0/DiaperScout.Commerce.Plugins.Awin.dll
  DiaperScout.Infrastructure -> /Users/sporter/Documents/Projects/DS/src/DiaperScout.Infrastructure/bin/Debug/net10.0/DiaperScout.Infrastructure.dll
  DiaperScout.Api -> /Users/sporter/Documents/Projects/DS/src/DiaperScout.Api/bin/Debug/net10.0/DiaperScout.Api.dll
  DiaperScout.Api.IntegrationTests -> /Users/sporter/Documents/Projects/DS/tests/DiaperScout.Api.IntegrationTests/bin/Debug/net10.0/DiaperScout.Api.IntegrationTests.dll
Test run for /Users/sporter/Documents/Projects/DS/tests/DiaperScout.Api.IntegrationTests/bin/Debug/net10.0/DiaperScout.Api.IntegrationTests.dll (.NETCoreApp,Version=v10.0)
A total of 1 test files matched the specified pattern.
[xUnit.net 00:00:47.66]     DiaperScout.Api.IntegrationTests.PwaReliabilityTests.Proposal_does_not_accept_input_until_hydration_and_draft_restore_complete(engine: "webkit") [FAIL]
  Failed DiaperScout.Api.IntegrationTests.PwaReliabilityTests.Proposal_does_not_accept_input_until_hydration_and_draft_restore_complete(engine: "webkit") [31 s]
  Error Message:
   Draft module never requested. State: ready; 
  Stack Trace:
     at DiaperScout.Api.IntegrationTests.PwaReliabilityTests.Proposal_does_not_accept_input_until_hydration_and_draft_restore_complete(String engine) in /Users/sporter/Documents/Projects/DS/tests/DiaperScout.Api.IntegrationTests/PwaReliabilityTests.cs:line 164
   at DiaperScout.Api.IntegrationTests.PwaReliabilityTests.Proposal_does_not_accept_input_until_hydration_and_draft_restore_complete(String engine) in /Users/sporter/Documents/Projects/DS/tests/DiaperScout.Api.IntegrationTests/PwaReliabilityTests.cs:line 180
--- End of stack trace from previous location ---

Failed!  - Failed:     1, Passed:   214, Skipped:     0, Total:   215, Duration: 3 m 6 s - DiaperScout.Api.IntegrationTests.dll (net10.0)
  DiaperScout.Domain.Tests -> /Users/sporter/Documents/Projects/DS/tests/DiaperScout.Domain.Tests/bin/Debug/net10.0/DiaperScout.Domain.Tests.dll
Test run for /Users/sporter/Documents/Projects/DS/tests/DiaperScout.Domain.Tests/bin/Debug/net10.0/DiaperScout.Domain.Tests.dll (.NETCoreApp,Version=v10.0)
A total of 1 test files matched the specified pattern.

Passed!  - Failed:     0, Passed:    51, Skipped:     0, Total:    51, Duration: 652 ms - DiaperScout.Domain.Tests.dll (net10.0)
